Microchip MPLAB XC8 Compiler V2.31

Linker command line:

-W-3 --edf=/Applications/microchip/xc8/v2.31/pic/dat/en_msgs.txt -cn \
  -h+dist/default/production/SensorNegPosExactos.X.production.sym \
  --cmf=dist/default/production/SensorNegPosExactos.X.production.cmf -z \
  -Q18F45K50 -o/tmp/xcNtOOmiO --defsym=__MPLAB_BUILD=1 \
  -Mdist/default/production/SensorNegPosExactos.X.production.map -E1 \
  -ver=XC8 Compiler --acfsm=1493 -ASTACK=0180h-07FFh -pstack=STACK \
  -ACODE=00h-07FFFh -ACONST=00h-07FFFh -ASMALLCONST=0800h-08FFhx120 \
  -AMEDIUMCONST=0800h-07FFFh -ACOMRAM=01h-05Fh -AABS1=00h-07FFh \
  -ABIGRAM=01h-07FFh -ARAM=060h-0FFh,0100h-01FFhx7 -ABANK0=060h-0FFh \
  -ABANK1=0100h-01FFh -ABANK2=0200h-02FFh -ABANK3=0300h-03FFh \
  -ABANK4=0400h-04FFh -ABANK5=0500h-05FFh -ABANK6=0600h-06FFh \
  -ABANK7=0700h-07FFh -ASFR=0F53h-0F5Fh,0F60h-0FFFh \
  -ACONFIG=0300000h-030000Dh -AIDLOC=0200000h-0200007h \
  -AEEDATA=0F00000h-0F000FFh -peeprom_data=EEDATA \
  -preset_vec=00h,intcode,intcodelo,powerup,init -pramtop=0800h \
  -psmallconst=SMALLCONST -pmediumconst=MEDIUMCONST -pconst=CONST \
  -AFARRAM=00h-00h \
  -prdata=COMRAM,nvrram=COMRAM,nvbit=COMRAM,rbss=COMRAM,rbit=COMRAM \
  -pfarbss=FARRAM,fardata=FARRAM,nvFARRAM=FARRAM \
  -pintsave_regs=BIGRAM,bigbss=BIGRAM,bigdata=BIGRAM -pbss=RAM \
  -pidata=CODE,irdata=CODE,ibigdata=CODE,ifardata=CODE -prparam=COMRAM \
  /tmp/xcIwH1UVG.o \
  dist/default/production/SensorNegPosExactos.X.production.o 

Object code version is 3.11

Machine type is 18F45K50



                Name                               Link     Load   Length Selector   Space Scale
/tmp/xcIwH1UVG.o
                idloc                            200000   200000        8        0       5
                config                           300000   300000        E        0       4
                init                                  0        0        4        0       0
dist/default/production/SensorNegPosExactos.X.production.o
                idloc                            200000   200000        8        0       5
                config                           300000   300000        E        0       4
                smallconst                          800      800       7C      400       0
                text51                             5022     5022       26      43E       0
                text50                             4F66     4F66       38      43E       0
                text49                             4D0C     4D0C       52      43E       0
                text48                             37DA     37DA      1F8      43E       0
                text47                             4DEA     4DEA       46      43E       0
                text46                             4580     4580       CA      43E       0
                text45                             43D2     43D2       D8      43E       0
                text44                             3B86     3B86      188      43E       0
                text43                             3D0E     3D0E      164      43E       0
                text42                             4EB6     4EB6       40      43E       0
                text41                             4E30     4E30       44      43E       0
                text40                             4F9E     4F9E       36      43E       0
                text39                             464A     464A       C6      43E       0
                text38                             2E42     2E42      2E4      43E       0
                text37                             4710     4710       C4      43E       0
                text36                             47D4     47D4       B0      43E       0
                text35                             2AA8     2AA8      39A      43E       0
                text34                             4884     4884       AA      43E       0
                text33                             41D0     41D0      104      43E       0
                text32                             267E     267E      42A      43E       0
                text31                             4F2E     4F2E       38      43E       0
                text30                             1D4C     1D4C      4C0      43E       0
                text29                             4DA4     4DA4       46      43E       0
                text28                             3FC6     3FC6      106      43E       0
                text27                             42D4     42D4       FE      43E       0
                text26                             35C8     35C8      212      43E       0
                text25                             4C5E     4C5E       5C      43E       0
                text24                             4EF6     4EF6       38      43E       0
                text23                             4BFE     4BFE       60      43E       0
                text22                              87C      87C      C58      43E       0
                text21                             44AA     44AA       D6      43E       0
                text20                             14D4     14D4      878      43E       0
                text19                             4A4E     4A4E       76      43E       0
                text18                             4FD4     4FD4       28      43E       0
                text17                             4E74     4E74       42      43E       0
                text16                             3E72     3E72      154      43E       0
                text15                             492E     492E       98      43E       0
                text14                             3126     3126      290      43E       0
                text13                             40CC     40CC      104      43E       0
                text12                             4FFC     4FFC       26      43E       0
                text11                             49C6     49C6       88      43E       0
                text10                             509C     509C       14      43E       0
                text9                              4B9C     4B9C       62      43E       0
                text8                              5084     5084       18      43E       0
                text7                              4AC4     4AC4       6E      43E       0
                text6                              4B32     4B32       6A      43E       0
                text5                              39D2     39D2      1B4      43E       0
                text4                              33B6     33B6      212      43E       0
                text3                              4CBA     4CBA       52      43E       0
                text2                              220C     220C      472      43E       0
                text1                              506A     506A       1A      43E       0
                text0                              4D5E     4D5E       46      43E       0
                cstackCOMRAM                          1        1       5F        1       1
                cstackBANK0                          60       60       6E       60       1
                bssBANK1                            100      100       80      100       1
                bssBANK0                             CE       CE       32       60       1
                cinit                              5048     5048       22      43E       0

TOTAL           Name                               Link     Load   Length     Space
        CLASS   STACK          

        CLASS   CODE           
                init                                  0        0        4         0
                text51                             5022     5022       26         0
                text50                             4F66     4F66       38         0
                text49                             4D0C     4D0C       52         0
                text48                             37DA     37DA      1F8         0
                text47                             4DEA     4DEA       46         0
                text46                             4580     4580       CA         0
                text45                             43D2     43D2       D8         0
                text44                             3B86     3B86      188         0
                text43                             3D0E     3D0E      164         0
                text42                             4EB6     4EB6       40         0
                text41                             4E30     4E30       44         0
                text40                             4F9E     4F9E       36         0
                text39                             464A     464A       C6         0
                text38                             2E42     2E42      2E4         0
                text37                             4710     4710       C4         0
                text36                             47D4     47D4       B0         0
                text35                             2AA8     2AA8      39A         0
                text34                             4884     4884       AA         0
                text33                             41D0     41D0      104         0
                text32                             267E     267E      42A         0
                text31                             4F2E     4F2E       38         0
                text30                             1D4C     1D4C      4C0         0
                text29                             4DA4     4DA4       46         0
                text28                             3FC6     3FC6      106         0
                text27                             42D4     42D4       FE         0
                text26                             35C8     35C8      212         0
                text25                             4C5E     4C5E       5C         0
                text24                             4EF6     4EF6       38         0
                text23                             4BFE     4BFE       60         0
                text22                              87C      87C      C58         0
                text21                             44AA     44AA       D6         0
                text20                             14D4     14D4      878         0
                text19                             4A4E     4A4E       76         0
                text18                             4FD4     4FD4       28         0
                text17                             4E74     4E74       42         0
                text16                             3E72     3E72      154         0
                text15                             492E     492E       98         0
                text14                             3126     3126      290         0
                text13                             40CC     40CC      104         0
                text12                             4FFC     4FFC       26         0
                text11                             49C6     49C6       88         0
                text10                             509C     509C       14         0
                text9                              4B9C     4B9C       62         0
                text8                              5084     5084       18         0
                text7                              4AC4     4AC4       6E         0
                text6                              4B32     4B32       6A         0
                text5                              39D2     39D2      1B4         0
                text4                              33B6     33B6      212         0
                text3                              4CBA     4CBA       52         0
                text2                              220C     220C      472         0
                text1                              506A     506A       1A         0
                text0                              4D5E     4D5E       46         0
                cinit                              5048     5048       22         0

        CLASS   CONST          

        CLASS   SMALLCONST     
                smallconst                          800      800       7C         0

        CLASS   MEDIUMCONST    

        CLASS   COMRAM         
                cstackCOMRAM                          1        1       5F         1

        CLASS   ABS1           

        CLASS   BIGRAM         

        CLASS   RAM            

        CLASS   BANK0          
                cstackBANK0                          60       60       6E         1
                bssBANK0                             CE       CE       32         1

        CLASS   BANK1          
                bssBANK1                            100      100       80         1

        CLASS   BANK2          

        CLASS   BANK3          

        CLASS   BANK4          

        CLASS   BANK5          

        CLASS   BANK6          

        CLASS   BANK7          

        CLASS   SFR            

        CLASS   CONFIG         
                config                           300000   300000        E         4

        CLASS   IDLOC          
                idloc                            200000   200000        8         5

        CLASS   EEDATA         

        CLASS   FARRAM         



SEGMENTS        Name                           Load    Length   Top    Selector   Space  Class

                cstackBANK0                    000060  0000A0  000100        60       1  BANK0   
                reset_vec                      000000  000004  000004         0       0  CODE    
                text22                         00087C  004834  0050B0       43E       0  CODE    
                bssBANK1                       000100  000080  000180       100       1  BANK1   
                cstackCOMRAM                   000001  00005F  000060         1       1  COMRAM  
                smallconst                     000800  00007C  00087C       400       0  SMALLCON


UNUSED ADDRESS RANGES

        Name                Unused          Largest block    Delta
        BANK1            000180-0001FF               80
        BANK2            000200-0002FF              100
        BANK3            000300-0003FF              100
        BANK4            000400-0004FF              100
        BANK5            000500-0005FF              100
        BANK6            000600-0006FF              100
        BANK7            000700-0007FF              100
        BIGRAM           000180-0007FF              680
        CODE             000004-0007FF              7FC
                         0050B0-007FFF             2F50
        CONST            000004-0007FF              7FC
                         0050B0-007FFF             2F50
        EEDATA           F00000-F000FF              100
        MEDIUMCONST      0050B0-007FFF             2F50
        RAM              000180-0007FF              100
        SFR              000F53-000FFF                D
        SMALLCONST       0050B0-007FFF              100
        STACK            000180-0007FF              680

                                  Symbol Table

?_Read_ADC                    cstackCOMRAM 000001
?_Read_ADC1                   cstackCOMRAM 000001
?___aodiv                     cstackCOMRAM 000001
?___aomod                     cstackCOMRAM 000001
?___awdiv                     cstackCOMRAM 000006
?___awmod                     cstackCOMRAM 000001
?___fladd                     cstackCOMRAM 000001
?___fldiv                     cstackCOMRAM 000001
?___flmul                     cstackCOMRAM 000019
?___flneg                     cstackCOMRAM 000001
?___flsub                     cstackCOMRAM 000032
?___fltol                     cstackCOMRAM 000001
?___fpclassifyf               cstackCOMRAM 000001
?___wmul                      cstackCOMRAM 000001
?___xxtofl                    cstackCOMRAM 00000B
?_abs                         cstackCOMRAM 000013
?_atoi                        cstackCOMRAM 000008
?_ceilf                       cstackCOMRAM 000001
?_ctoa                        cstackCOMRAM 00000D
?_dtoa                        cstackCOMRAM 00001F
?_efgtoa                      cstackCOMRAM 000046
?_floorf                      cstackCOMRAM 00001A
?_isdigit                     cstackCOMRAM 000001
?_isspace                     cstackCOMRAM 000001
?_isupper                     cstackCOMRAM 000001
?_pad                         cstackCOMRAM 000014
?_printf                      cstackBANK0  0000B6
?_sprintf                     cstackBANK0  0000B6
?_strlen                      cstackCOMRAM 000001
?_strncmp                     cstackCOMRAM 000001
?_tolower                     cstackCOMRAM 000007
?_vfpfcnvrt                   cstackCOMRAM 000052
?_vfprintf                    cstackBANK0  0000B0
Alarma_LED@A                  cstackCOMRAM 000003
Get_DATA@data                 cstackCOMRAM 000003
LCD_COMANDOS@comando          cstackCOMRAM 000004
Read_ADC1@canal               cstackCOMRAM 000005
Read_ADC@canal                cstackCOMRAM 000005
_ADC                          bssBANK0     0000FE
_ADC1                         bssBANK0     0000FC
_ADCON0                       (abs)        000FC2
_ADCON0bits                   (abs)        000FC2
_ADCON1bits                   (abs)        000FC1
_ADCON2                       (abs)        000FC0
_ADRESH                       (abs)        000FC4
_ADRESL                       (abs)        000FC3
_ANSELAbits                   (abs)        000F5B
_ANSELB                       (abs)        000F5C
_ANSELCbits                   (abs)        000F5D
_Alarma                       text14       003126
_Alarma_LED                   text13       0040CC
_Configuracion                text12       004FFC
_Cronometro                   text15       00492E
_DH                           bssBANK0     0000E4
_DM                           bssBANK0     0000E0
_DS                           bssBANK0     0000DC
_Decenas_Horas                bssBANK0     0000F2
_Decenas_Minutos              bssBANK0     0000EE
_Decenas_Segundos             bssBANK0     0000EA
_Get_DATA                     text9        004B9C
_HORA                         bssBANK0     0000E8
_INTCONbits                   (abs)        000FF2
_InicializaLCD                text11       0049C6
_LATB                         (abs)        000F8A
_LATCbits                     (abs)        000F8B
_LATD                         (abs)        000F8C
_LATDbits                     (abs)        000F8C
_LCD_COMANDOS                 text8        005084
_MINUTO                       bssBANK0     0000E6
_Mostrar_Reloj                text16       003E72
_OSCCON                       (abs)        000FD3
_PORTAbits                    (abs)        000F80
_PORTB                        (abs)        000F81
_PORTCbits                    (abs)        000F82
_R_CAD                        bssBANK1     000114
_R_LM35                       bssBANK1     000118
_Read_ADC                     text7        004AC4
_Read_ADC1                    text6        004B32
_SEGUNDO                      bssBANK1     00011C
_SensorLM35                   text2        00220C
_SensorLM35$1658              cstackBANK0  0000CA
_Set_DATA                     text10       00509C
_T0CONbits                    (abs)        000FD5
_TMR0L                        (abs)        000FD6
_TRISA                        (abs)        000F92
_TRISB                        (abs)        000F93
_TRISCbits                    (abs)        000F94
_TRISD                        (abs)        000F95
_Timer0Configuration          text1        00506A
_UH                           bssBANK0     0000E2
_UM                           bssBANK0     0000DE
_US                           bssBANK0     0000DA
_Unidades_Horas               bssBANK0     0000F4
_Unidades_Minutos             bssBANK0     0000F0
_Unidades_Segundos            bssBANK0     0000EC
_Valores                      bssBANK1     000170
_VoltajeA                     bssBANK1     000110
_VoltajeB                     bssBANK1     00010C
__HRAM                        (abs)        000000
__Habs1                       abs1         000000
__Hbank0                      bank0        000000
__Hbank1                      bank1        000000
__Hbank2                      bank2        000000
__Hbank3                      bank3        000000
__Hbank4                      bank4        000000
__Hbank5                      bank5        000000
__Hbank6                      bank6        000000
__Hbank7                      bank7        000000
__Hbigbss                     bigbss       000000
__Hbigdata                    bigdata      000000
__Hbigram                     bigram       000000
__Hbss                        bss          000000
__HbssBANK0                   bssBANK0     000000
__HbssBANK1                   bssBANK1     000000
__Hcinit                      cinit        000000
__Hclrtext                    clrtext      000000
__Hcomram                     comram       000000
__Hconfig                     config       30000E
__Hconst                      const        000000
__HcstackBANK0                cstackBANK0  000000
__HcstackCOMRAM               cstackCOMRAM 000000
__Hdata                       data         000000
__Heeprom_data                eeprom_data  000000
__Hfarbss                     farbss       000000
__Hfardata                    fardata      000000
__Hibigdata                   ibigdata     000000
__Hidata                      idata        000000
__Hidloc                      idloc        200008
__Hifardata                   ifardata     000000
__Hinit                       init         000004
__Hintcode                    intcode      000000
__Hintcode_body               intcode_body 000000
__Hintcodelo                  intcodelo    000000
__Hintentry                   intentry     000000
__Hintret                     intret       000000
__Hintsave_regs               intsave_regs 000000
__Hirdata                     irdata       000000
__Hmediumconst                mediumconst  000000
__HnvFARRAM                   nvFARRAM     000000
__Hnvbit                      nvbit        000000
__Hnvrram                     nvrram       000000
__Hparam                      rparam       000000
__Hpowerup                    powerup      000000
__Hram                        ram          000000
__Hramtop                     ramtop       000800
__Hrbit                       rbit         000000
__Hrbss                       rbss         000000
__Hrdata                      rdata        000000
__Hreset_vec                  reset_vec    000000
__Hrparam                     rparam       000000
__Hsfr                        sfr          000000
__Hsmallconst                 smallconst   00087C
__Hspace_0                    (abs)        0050B0
__Hspace_1                    (abs)        000180
__Hspace_2                    (abs)        000000
__Hspace_4                    (abs)        60000E
__Hstack                      stack        000000
__Hstruct                     struct       000000
__Htemp                       temp         000000
__Htext                       text         000000
__Htext0                      text0        000000
__Htext1                      text1        000000
__Htext10                     text10       000000
__Htext11                     text11       000000
__Htext12                     text12       000000
__Htext13                     text13       000000
__Htext14                     text14       000000
__Htext15                     text15       000000
__Htext16                     text16       000000
__Htext17                     text17       000000
__Htext18                     text18       000000
__Htext19                     text19       000000
__Htext2                      text2        000000
__Htext20                     text20       000000
__Htext21                     text21       000000
__Htext22                     text22       000000
__Htext23                     text23       000000
__Htext24                     text24       000000
__Htext25                     text25       000000
__Htext26                     text26       000000
__Htext27                     text27       000000
__Htext28                     text28       000000
__Htext29                     text29       000000
__Htext3                      text3        000000
__Htext30                     text30       000000
__Htext31                     text31       000000
__Htext32                     text32       000000
__Htext33                     text33       000000
__Htext34                     text34       000000
__Htext35                     text35       000000
__Htext36                     text36       000000
__Htext37                     text37       000000
__Htext38                     text38       000000
__Htext39                     text39       000000
__Htext4                      text4        000000
__Htext40                     text40       000000
__Htext41                     text41       000000
__Htext42                     text42       000000
__Htext43                     text43       000000
__Htext44                     text44       000000
__Htext45                     text45       000000
__Htext46                     text46       000000
__Htext47                     text47       000000
__Htext48                     text48       000000
__Htext49                     text49       000000
__Htext5                      text5        000000
__Htext50                     text50       000000
__Htext51                     text51       000000
__Htext6                      text6        000000
__Htext7                      text7        000000
__Htext8                      text8        000000
__Htext9                      text9        000000
__LRAM                        (abs)        000001
__Labs1                       abs1         000000
__Lbank0                      bank0        000000
__Lbank1                      bank1        000000
__Lbank2                      bank2        000000
__Lbank3                      bank3        000000
__Lbank4                      bank4        000000
__Lbank5                      bank5        000000
__Lbank6                      bank6        000000
__Lbank7                      bank7        000000
__Lbigbss                     bigbss       000000
__Lbigdata                    bigdata      000000
__Lbigram                     bigram       000000
__Lbss                        bss          000000
__LbssBANK0                   bssBANK0     000000
__LbssBANK1                   bssBANK1     000000
__Lcinit                      cinit        000000
__Lclrtext                    clrtext      000000
__Lcomram                     comram       000000
__Lconfig                     config       000000
__Lconst                      const        000000
__LcstackBANK0                cstackBANK0  000000
__LcstackCOMRAM               cstackCOMRAM 000000
__Ldata                       data         000000
__Leeprom_data                eeprom_data  000000
__Lfarbss                     farbss       000000
__Lfardata                    fardata      000000
__Libigdata                   ibigdata     000000
__Lidata                      idata        000000
__Lidloc                      idloc        000000
__Lifardata                   ifardata     000000
__Linit                       init         000000
__Lintcode                    intcode      000000
__Lintcode_body               intcode_body 000000
__Lintcodelo                  intcodelo    000000
__Lintentry                   intentry     000000
__Lintret                     intret       000000
__Lintsave_regs               intsave_regs 000000
__Lirdata                     irdata       000000
__Lmediumconst                mediumconst  000000
__LnvFARRAM                   nvFARRAM     000000
__Lnvbit                      nvbit        000000
__Lnvrram                     nvrram       000000
__Lparam                      rparam       000000
__Lpowerup                    powerup      000000
__Lram                        ram          000000
__Lramtop                     ramtop       000800
__Lrbit                       rbit         000000
__Lrbss                       rbss         000000
__Lrdata                      rdata        000000
__Lreset_vec                  reset_vec    000000
__Lrparam                     rparam       000000
__Lsfr                        sfr          000000
__Lsmallconst                 smallconst   000800
__Lspace_0                    (abs)        000000
__Lspace_1                    (abs)        000000
__Lspace_2                    (abs)        000000
__Lspace_4                    (abs)        000000
__Lstack                      stack        000000
__Lstruct                     struct       000000
__Ltemp                       temp         000000
__Ltext                       text         000000
__Ltext0                      text0        000000
__Ltext1                      text1        000000
__Ltext10                     text10       000000
__Ltext11                     text11       000000
__Ltext12                     text12       000000
__Ltext13                     text13       000000
__Ltext14                     text14       000000
__Ltext15                     text15       000000
__Ltext16                     text16       000000
__Ltext17                     text17       000000
__Ltext18                     text18       000000
__Ltext19                     text19       000000
__Ltext2                      text2        000000
__Ltext20                     text20       000000
__Ltext21                     text21       000000
__Ltext22                     text22       000000
__Ltext23                     text23       000000
__Ltext24                     text24       000000
__Ltext25                     text25       000000
__Ltext26                     text26       000000
__Ltext27                     text27       000000
__Ltext28                     text28       000000
__Ltext29                     text29       000000
__Ltext3                      text3        000000
__Ltext30                     text30       000000
__Ltext31                     text31       000000
__Ltext32                     text32       000000
__Ltext33                     text33       000000
__Ltext34                     text34       000000
__Ltext35                     text35       000000
__Ltext36                     text36       000000
__Ltext37                     text37       000000
__Ltext38                     text38       000000
__Ltext39                     text39       000000
__Ltext4                      text4        000000
__Ltext40                     text40       000000
__Ltext41                     text41       000000
__Ltext42                     text42       000000
__Ltext43                     text43       000000
__Ltext44                     text44       000000
__Ltext45                     text45       000000
__Ltext46                     text46       000000
__Ltext47                     text47       000000
__Ltext48                     text48       000000
__Ltext49                     text49       000000
__Ltext5                      text5        000000
__Ltext50                     text50       000000
__Ltext51                     text51       000000
__Ltext6                      text6        000000
__Ltext7                      text7        000000
__Ltext8                      text8        000000
__Ltext9                      text9        000000
__S0                          (abs)        0050B0
__S1                          (abs)        000180
__S2                          (abs)        000000
__S4                          (abs)        000000
__S5                          (abs)        000000
___aodiv                      text44       003B86
___aodiv@counter              cstackCOMRAM 000011
___aodiv@dividend             cstackCOMRAM 000001
___aodiv@divisor              cstackCOMRAM 000009
___aodiv@quotient             cstackCOMRAM 000013
___aodiv@sign                 cstackCOMRAM 000012
___aomod                      text43       003D0E
___aomod@counter              cstackCOMRAM 000011
___aomod@dividend             cstackCOMRAM 000001
___aomod@divisor              cstackCOMRAM 000009
___aomod@sign                 cstackCOMRAM 000012
___awdiv                      text37       004710
___awdiv@counter              cstackCOMRAM 00000A
___awdiv@dividend             cstackCOMRAM 000006
___awdiv@divisor              cstackCOMRAM 000008
___awdiv@quotient             cstackCOMRAM 00000C
___awdiv@sign                 cstackCOMRAM 00000B
___awmod                      text36       0047D4
___awmod@counter              cstackCOMRAM 000005
___awmod@dividend             cstackCOMRAM 000001
___awmod@divisor              cstackCOMRAM 000003
___awmod@sign                 cstackCOMRAM 000006
___fladd                      text30       001D4C
___fladd@a                    cstackCOMRAM 000005
___fladd@aexp                 cstackCOMRAM 00000E
___fladd@b                    cstackCOMRAM 000001
___fladd@bexp                 cstackCOMRAM 00000F
___fladd@grs                  cstackCOMRAM 000010
___fladd@signs                cstackCOMRAM 00000D
___fldiv                      text35       002AA8
___fldiv@a                    cstackCOMRAM 000005
___fldiv@aexp                 cstackCOMRAM 000019
___fldiv@b                    cstackCOMRAM 000001
___fldiv@bexp                 cstackCOMRAM 000018
___fldiv@grs                  cstackCOMRAM 000014
___fldiv@new_exp              cstackCOMRAM 000012
___fldiv@rem                  cstackCOMRAM 00000D
___fldiv@sign                 cstackCOMRAM 000011
___fleq                       text34       004884
___fleq@ff1                   cstackCOMRAM 000001
___fleq@ff2                   cstackCOMRAM 000005
___flge                       text33       0041D0
___flge@ff1                   cstackCOMRAM 00003A
___flge@ff2                   cstackCOMRAM 00003E
___flmul                      text32       00267E
___flmul@a                    cstackCOMRAM 00001D
___flmul@aexp                 cstackCOMRAM 00002A
___flmul@b                    cstackCOMRAM 000019
___flmul@bexp                 cstackCOMRAM 00002B
___flmul@grs                  cstackCOMRAM 000026
___flmul@prod                 cstackCOMRAM 00002C
___flmul@sign                 cstackCOMRAM 000025
___flmul@temp                 cstackCOMRAM 000030
___flneg                      text31       004F2E
___flneg@f1                   cstackCOMRAM 000001
___flsub                      text29       004DA4
___flsub@a                    cstackCOMRAM 000036
___flsub@b                    cstackCOMRAM 000032
___fltol                      text28       003FC6
___fltol@exp1                 cstackCOMRAM 00000A
___fltol@f1                   cstackCOMRAM 000001
___fltol@sign1                cstackCOMRAM 000009
___fpclassifyf                text27       0042D4
___fpclassifyf@F465           bssBANK1     000100
___fpclassifyf@e              cstackCOMRAM 000009
___fpclassifyf@u              cstackCOMRAM 00000B
___fpclassifyf@x              cstackCOMRAM 000001
___inthi_sp                   stack        000000
___intlo_sp                   stack        000000
___param_bank                 (abs)        000000
___rparam_used                (abs)        000001
___sp                         stack        000000
___wmul                       text51       005022
___wmul@multiplicand          cstackCOMRAM 000003
___wmul@multiplier            cstackCOMRAM 000001
___wmul@product               cstackCOMRAM 000005
___xxtofl                     text5        0039D2
___xxtofl@arg                 cstackCOMRAM 000015
___xxtofl@exp                 cstackCOMRAM 000014
___xxtofl@sign                cstackCOMRAM 000013
___xxtofl@val                 cstackCOMRAM 00000B
__accesstop                   (abs)        000060
__activetblptr                (abs)        000002
__end_of_Alarma               text14       0033B6
__end_of_Alarma_LED           text13       0041D0
__end_of_Configuracion        text12       005022
__end_of_Cronometro           text15       0049C6
__end_of_Get_DATA             text9        004BFE
__end_of_InicializaLCD        text11       004A4E
__end_of_LCD_COMANDOS         text8        00509C
__end_of_Mostrar_Reloj        text16       003FC6
__end_of_Read_ADC             text7        004B32
__end_of_Read_ADC1            text6        004B9C
__end_of_SensorLM35           text2        00267E
__end_of_Set_DATA             text10       0050B0
__end_of_Timer0Configuration  text1        005084
__end_of___aodiv              text44       003D0E
__end_of___aomod              text43       003E72
__end_of___awdiv              text37       0047D4
__end_of___awmod              text36       004884
__end_of___fladd              text30       00220C
__end_of___fldiv              text35       002E42
__end_of___fleq               text34       00492E
__end_of___flge               text33       0042D4
__end_of___flmul              text32       002AA8
__end_of___flneg              text31       004F66
__end_of___flsub              text29       004DEA
__end_of___fltol              text28       0040CC
__end_of___fpclassifyf        text27       0043D2
__end_of___wmul               text51       005048
__end_of___xxtofl             text5        003B86
__end_of__initialization      cinit        005060
__end_of_abs                  text42       004EF6
__end_of_atoi                 text48       0039D2
__end_of_ceilf                text4        0035C8
__end_of_ctoa                 text45       0044AA
__end_of_dtoa                 text38       003126
__end_of_efgtoa               text22       0014D4
__end_of_floorf               text26       0037DA
__end_of_fputc                text46       00464A
__end_of_fputs                text41       004E74
__end_of_isdigit              text50       004F9E
__end_of_isspace              text49       004D5E
__end_of_isupper              text24       004F2E
__end_of_main                 text0        004DA4
__end_of_pad                  text39       004710
__end_of_printf               text18       004FFC
__end_of_putch                text47       004E30
__end_of_putcm                text17       004EB6
__end_of_sprintf              text3        004D0C
__end_of_strcpy               text25       004CBA
__end_of_strlen               text40       004FD4
__end_of_strncmp              text21       004580
__end_of_tolower              text23       004C5E
__end_of_vfpfcnvrt            text20       001D4C
__end_of_vfprintf             text19       004AC4
__initialization              cinit        005048
__mediumconst                 mediumconst  000000
__pbssBANK0                   bssBANK0     0000CE
__pbssBANK1                   bssBANK1     000100
__pcinit                      cinit        005048
__pcstackBANK0                cstackBANK0  000060
__pcstackCOMRAM               cstackCOMRAM 000001
__psmallconst                 smallconst   000800
__ptext0                      text0        004D5E
__ptext1                      text1        00506A
__ptext10                     text10       00509C
__ptext11                     text11       0049C6
__ptext12                     text12       004FFC
__ptext13                     text13       0040CC
__ptext14                     text14       003126
__ptext15                     text15       00492E
__ptext16                     text16       003E72
__ptext17                     text17       004E74
__ptext18                     text18       004FD4
__ptext19                     text19       004A4E
__ptext2                      text2        00220C
__ptext20                     text20       0014D4
__ptext21                     text21       0044AA
__ptext22                     text22       00087C
__ptext23                     text23       004BFE
__ptext24                     text24       004EF6
__ptext25                     text25       004C5E
__ptext26                     text26       0035C8
__ptext27                     text27       0042D4
__ptext28                     text28       003FC6
__ptext29                     text29       004DA4
__ptext3                      text3        004CBA
__ptext30                     text30       001D4C
__ptext31                     text31       004F2E
__ptext32                     text32       00267E
__ptext33                     text33       0041D0
__ptext34                     text34       004884
__ptext35                     text35       002AA8
__ptext36                     text36       0047D4
__ptext37                     text37       004710
__ptext38                     text38       002E42
__ptext39                     text39       00464A
__ptext4                      text4        0033B6
__ptext40                     text40       004F9E
__ptext41                     text41       004E30
__ptext42                     text42       004EB6
__ptext43                     text43       003D0E
__ptext44                     text44       003B86
__ptext45                     text45       0043D2
__ptext46                     text46       004580
__ptext47                     text47       004DEA
__ptext48                     text48       0037DA
__ptext49                     text49       004D0C
__ptext5                      text5        0039D2
__ptext50                     text50       004F66
__ptext51                     text51       005022
__ptext6                      text6        004B32
__ptext7                      text7        004AC4
__ptext8                      text8        005084
__ptext9                      text9        004B9C
__ramtop                      ramtop       000800
__size_of_Alarma              (abs)        000000
__size_of_Alarma_LED          (abs)        000000
__size_of_Configuracion       (abs)        000000
__size_of_Cronometro          (abs)        000000
__size_of_Get_DATA            (abs)        000000
__size_of_InicializaLCD       (abs)        000000
__size_of_LCD_COMANDOS        (abs)        000000
__size_of_Mostrar_Reloj       (abs)        000000
__size_of_Read_ADC            (abs)        000000
__size_of_Read_ADC1           (abs)        000000
__size_of_SensorLM35          (abs)        000000
__size_of_Set_DATA            (abs)        000000
__size_of_Timer0Configuration (abs)        000000
__size_of___aodiv             (abs)        000000
__size_of___aomod             (abs)        000000
__size_of___awdiv             (abs)        000000
__size_of___awmod             (abs)        000000
__size_of___fladd             (abs)        000000
__size_of___fldiv             (abs)        000000
__size_of___fleq              (abs)        000000
__size_of___flge              (abs)        000000
__size_of___flmul             (abs)        000000
__size_of___flneg             (abs)        000000
__size_of___flsub             (abs)        000000
__size_of___fltol             (abs)        000000
__size_of___fpclassifyf       (abs)        000000
__size_of___wmul              (abs)        000000
__size_of___xxtofl            (abs)        000000
__size_of_abs                 (abs)        000000
__size_of_atoi                (abs)        000000
__size_of_ceilf               (abs)        000000
__size_of_ctoa                (abs)        000000
__size_of_dtoa                (abs)        000000
__size_of_efgtoa              (abs)        000000
__size_of_floorf              (abs)        000000
__size_of_fputc               (abs)        000000
__size_of_fputs               (abs)        000000
__size_of_isdigit             (abs)        000000
__size_of_isspace             (abs)        000000
__size_of_isupper             (abs)        000000
__size_of_main                (abs)        000000
__size_of_pad                 (abs)        000000
__size_of_printf              (abs)        000000
__size_of_putch               (abs)        000000
__size_of_putcm               (abs)        000000
__size_of_sprintf             (abs)        000000
__size_of_strcpy              (abs)        000000
__size_of_strlen              (abs)        000000
__size_of_strncmp             (abs)        000000
__size_of_tolower             (abs)        000000
__size_of_vfpfcnvrt           (abs)        000000
__size_of_vfprintf            (abs)        000000
__smallconst                  smallconst   000800
_abs                          text42       004EB6
_atoi                         text48       0037DA
_atoi$1346                    cstackCOMRAM 000010
_atoi$1347                    cstackCOMRAM 000014
_atoi$1348                    cstackCOMRAM 000012
_cambio                       bssBANK1     00011E
_ceilf                        text4        0033B6
_ctoa                         text45       0043D2
_dbuf                         bssBANK1     000120
_dtoa                         text38       002E42
_dtoa$1253                    cstackCOMRAM 000031
_efgtoa                       text22       00087C
_efgtoa$1277                  cstackBANK0  000060
_efgtoa$1278                  cstackBANK0  000062
_efgtoa$1282                  cstackBANK0  000064
_efgtoa$1286                  cstackBANK0  000066
_efgtoa$1287                  cstackBANK0  000068
_efgtoa$1288                  cstackBANK0  00006A
_flags                        bssBANK0     0000D8
_floorf                       text26       0035C8
_fputc                        text46       004580
_fputs                        text41       004E30
_horas                        bssBANK0     0000F8
_isdigit                      text50       004F66
_isspace                      text49       004D0C
_isspace$1364                 cstackCOMRAM 000007
_isupper                      text24       004EF6
_main                         text0        004D5E
_minutos                      bssBANK0     0000FA
_nout                         bssBANK0     0000D2
_pad                          text39       00464A
_prec                         bssBANK0     0000D6
_printf                       text18       004FD4
_putch                        text47       004DEA
_putcm                        text17       004E74
_segundos                     bssBANK0     0000F6
_sprintf                      text3        004CBA
_strcpy                       text25       004C5E
_strlen                       text40       004F9E
_strncmp                      text21       0044AA
_temperatura                  bssBANK0     0000CE
_tolower                      text23       004BFE
_tolower$1433                 cstackCOMRAM 00000D
_vfpfcnvrt                    text20       0014D4
_vfpfcnvrt$1302               cstackBANK0  0000A2
_vfpfcnvrt$1303               cstackBANK0  0000A4
_vfpfcnvrt$1309               cstackBANK0  0000A6
_vfprintf                     text19       004A4E
_width                        bssBANK0     0000D4
abs@a                         cstackCOMRAM 000013
atoi@n                        cstackCOMRAM 000015
atoi@neg                      cstackCOMRAM 00000E
atoi@s                        cstackCOMRAM 000008
ceilf@F527                    bssBANK1     000108
ceilf@e                       cstackCOMRAM 00000F
ceilf@m                       cstackCOMRAM 00000B
ceilf@u                       cstackCOMRAM 000011
ceilf@x                       cstackCOMRAM 000001
ctoa@c                        cstackCOMRAM 00000F
ctoa@fp                       cstackCOMRAM 00000D
ctoa@l                        cstackCOMRAM 000011
ctoa@w                        cstackCOMRAM 000013
dtoa@d                        cstackCOMRAM 000021
dtoa@fp                       cstackCOMRAM 00001F
dtoa@i                        cstackCOMRAM 000041
dtoa@n                        cstackCOMRAM 000039
dtoa@p                        cstackCOMRAM 000033
dtoa@s                        cstackCOMRAM 000037
dtoa@w                        cstackCOMRAM 000035
efgtoa@c                      cstackCOMRAM 00004C
efgtoa@d                      cstackBANK0  000078
efgtoa@e                      cstackBANK0  000090
efgtoa@f                      cstackCOMRAM 000048
efgtoa@fp                     cstackCOMRAM 000046
efgtoa@g                      cstackBANK0  00008C
efgtoa@h                      cstackBANK0  000082
efgtoa@i                      cstackBANK0  00008A
efgtoa@l                      cstackBANK0  000086
efgtoa@m                      cstackBANK0  000072
efgtoa@mode                   cstackBANK0  000081
efgtoa@n                      cstackBANK0  000092
efgtoa@ne                     cstackBANK0  000070
efgtoa@nmode                  cstackBANK0  000080
efgtoa@ou                     cstackBANK0  000074
efgtoa@p                      cstackBANK0  00007C
efgtoa@pp                     cstackBANK0  00006E
efgtoa@sign                   cstackBANK0  00007A
efgtoa@t                      cstackBANK0  00006C
efgtoa@u                      cstackBANK0  000094
efgtoa@w                      cstackBANK0  00007E
end_of_initialization         cinit        005060
floorf@F527                   bssBANK1     000104
floorf@e                      cstackCOMRAM 000028
floorf@m                      cstackCOMRAM 000024
floorf@u                      cstackCOMRAM 00002A
floorf@x                      cstackCOMRAM 00001A
fputc@c                       cstackCOMRAM 000004
fputc@fp                      cstackCOMRAM 000006
fputs@c                       cstackCOMRAM 000011
fputs@fp                      cstackCOMRAM 00000F
fputs@i                       cstackCOMRAM 000012
fputs@s                       cstackCOMRAM 00000D
intlevel0                     text         000000
intlevel1                     text         000000
intlevel2                     text         000000
intlevel3                     text         000000
isdigit@c                     cstackCOMRAM 000001
isspace@c                     cstackCOMRAM 000001
isupper@c                     cstackCOMRAM 000001
pad@buf                       cstackCOMRAM 000016
pad@fp                        cstackCOMRAM 000014
pad@i                         cstackCOMRAM 00001B
pad@p                         cstackCOMRAM 000018
pad@w                         cstackCOMRAM 00001D
printf@ap                     cstackBANK0  0000C6
printf@fmt                    cstackBANK0  0000B6
putch@Activa                  cstackCOMRAM 000003
putch@data                    cstackCOMRAM 000002
putcm@Activa                  cstackCOMRAM 000003
putcm@data                    cstackCOMRAM 000002
sprintf@ap                    cstackBANK0  0000C2
sprintf@f                     cstackBANK0  0000C4
sprintf@fmt                   cstackBANK0  0000B8
sprintf@s                     cstackBANK0  0000B6
stackhi                       (abs)        0007FF
stacklo                       (abs)        000180
start                         init         000000
start_initialization          cinit        005048
strcpy@d                      cstackCOMRAM 000009
strcpy@dest                   cstackCOMRAM 000001
strcpy@s                      cstackCOMRAM 000007
strcpy@src                    cstackCOMRAM 000003
strlen@a                      cstackCOMRAM 000003
strlen@s                      cstackCOMRAM 000001
strncmp@_l                    cstackCOMRAM 000001
strncmp@_r                    cstackCOMRAM 000003
strncmp@l                     cstackCOMRAM 000008
strncmp@n                     cstackCOMRAM 000005
strncmp@r                     cstackCOMRAM 00000A
tolower@c                     cstackCOMRAM 000007
vfpfcnvrt@ap                  cstackCOMRAM 000056
vfpfcnvrt@c                   cstackBANK0  0000AF
vfpfcnvrt@ct                  cstackBANK0  0000AC
vfpfcnvrt@f                   cstackBANK0  0000A8
vfpfcnvrt@fmt                 cstackCOMRAM 000054
vfpfcnvrt@fp                  cstackCOMRAM 000052
vfpfcnvrt@ll                  cstackBANK0  000098
vfpfcnvrt@vp                  cstackBANK0  0000A0
vfprintf@ap                   cstackBANK0  0000B4
vfprintf@cfmt                 cstackCOMRAM 00005C
vfprintf@fmt                  cstackBANK0  0000B2
vfprintf@fp                   cstackBANK0  0000B0


FUNCTION INFORMATION:

 *************** function _main *****************
 Defined at:
		line 551 in file "SensorNegPosExactos.c"
 Parameters:    Size  Location     Type
		None
 Auto vars:     Size  Location     Type
		None
 Return value:  Size  Location     Type
                  1    wreg      void 
 Registers used:
		wreg, fsr1l, fsr1h, fsr2l, fsr2h, status,2, status,0, tblptrl, tblptrh, tblptru, prodl, prodh, cstack
 Tracked objects:
		On entry : 
		On exit  : 
		Unchanged: 
 Data sizes:     COMRAM   BANK0   BANK1   BANK2   BANK3   BANK4   BANK5   BANK6   BANK7
      Params:         0       0       0       0       0       0       0       0       0
      Locals:         0       0       0       0       0       0       0       0       0
      Temps:          0       0       0       0       0       0       0       0       0
      Totals:         0       0       0       0       0       0       0       0       0
Total ram usage:        0 bytes
 Hardware stack levels required when called:   11
 This function calls:
		_Alarma
		_Alarma_LED
		_Configuracion
		_InicializaLCD
		_LCD_COMANDOS
		_SensorLM35
		_Timer0Configuration
 This function is called by:
		Startup code after reset
 This function uses a non-reentrant model


 *************** function _Timer0Configuration *****************
 Defined at:
		line 392 in file "SensorNegPosExactos.c"
 Parameters:    Size  Location     Type
		None
 Auto vars:     Size  Location     Type
		None
 Return value:  Size  Location     Type
                  1    wreg      void 
 Registers used:
		wreg, status,2
 Tracked objects:
		On entry : 
		On exit  : 
		Unchanged: 
 Data sizes:     COMRAM   BANK0   BANK1   BANK2   BANK3   BANK4   BANK5   BANK6   BANK7
      Params:         0       0       0       0       0       0       0       0       0
      Locals:         0       0       0       0       0       0       0       0       0
      Temps:          0       0       0       0       0       0       0       0       0
      Totals:         0       0       0       0       0       0       0       0       0
Total ram usage:        0 bytes
 Hardware stack levels used:    1
 This function calls:
		Nothing
 This function is called by:
		_main
 This function uses a non-reentrant model


 *************** function _SensorLM35 *****************
 Defined at:
		line 317 in file "SensorNegPosExactos.c"
 Parameters:    Size  Location     Type
		None
 Auto vars:     Size  Location     Type
		None
 Return value:  Size  Location     Type
                  1    wreg      void 
 Registers used:
		wreg, fsr1l, fsr1h, fsr2l, fsr2h, status,2, status,0, tblptrl, tblptrh, tblptru, prodl, prodh, cstack
 Tracked objects:
		On entry : 
		On exit  : 
		Unchanged: 
 Data sizes:     COMRAM   BANK0   BANK1   BANK2   BANK3   BANK4   BANK5   BANK6   BANK7
      Params:         0       0       0       0       0       0       0       0       0
      Locals:         0       4       0       0       0       0       0       0       0
      Temps:          2       0       0       0       0       0       0       0       0
      Totals:         2       4       0       0       0       0       0       0       0
Total ram usage:        6 bytes
 Hardware stack levels used:    1
 Hardware stack levels required when called:    8
 This function calls:
		_Read_ADC
		_Read_ADC1
		___awdiv
		___flge
		___flmul
		___flsub
		___fltol
		___xxtofl
		_ceilf
		_floorf
		_printf
		_putcm
		_sprintf
 This function is called by:
		_main
 This function uses a non-reentrant model


 *************** function _sprintf *****************
 Defined at:
		line 9 in file "/Applications/microchip/xc8/v2.31/pic/sources/c99/common/nf_sprintf.c"
 Parameters:    Size  Location     Type
  s               2   86[BANK0 ] PTR unsigned char 
		 -> Valores(16), 
  fmt             2   88[BANK0 ] PTR const unsigned char 
		 -> STR_4(17), STR_3(17), STR_2(17), STR_1(17), 
 Auto vars:     Size  Location     Type
  f               6  100[BANK0 ] struct _IO_FILE
  ap              2   98[BANK0 ] PTR void [1]
		 -> ?_printf(2), ?_sprintf(2), 
  ret             2    0        int 
 Return value:  Size  Location     Type
                  2   86[BANK0 ] int 
 Registers used:
		wreg, fsr1l, fsr1h, fsr2l, fsr2h, status,2, status,0, tblptrl, tblptrh, tblptru, prodl, prodh, cstack
 Tracked objects:
		On entry : 
		On exit  : 
		Unchanged: 
 Data sizes:     COMRAM   BANK0   BANK1   BANK2   BANK3   BANK4   BANK5   BANK6   BANK7
      Params:         0      10       0       0       0       0       0       0       0
      Locals:         0      10       0       0       0       0       0       0       0
      Temps:          0       0       0       0       0       0       0       0       0
      Totals:         0      20       0       0       0       0       0       0       0
Total ram usage:       20 bytes
 Hardware stack levels used:    1
 Hardware stack levels required when called:    7
 This function calls:
		_vfprintf
 This function is called by:
		_SensorLM35
 This function uses a non-reentrant model


 *************** function _ceilf *****************
 Defined at:
		line 3 in file "/Applications/microchip/xc8/v2.31/pic/sources/c99/common/ceilf.c"
 Parameters:    Size  Location     Type
  x               4    0[COMRAM] float 
 Auto vars:     Size  Location     Type
  u               4   16[COMRAM] struct .
  m               4   10[COMRAM] unsigned long 
  e               2   14[COMRAM] int 
 Return value:  Size  Location     Type
                  4    0[COMRAM] float 
 Registers used:
		wreg, status,2, status,0
 Tracked objects:
		On entry : 
		On exit  : 
		Unchanged: 
 Data sizes:     COMRAM   BANK0   BANK1   BANK2   BANK3   BANK4   BANK5   BANK6   BANK7
      Params:         4       0       0       0       0       0       0       0       0
      Locals:        10       0       0       0       0       0       0       0       0
      Temps:          6       0       0       0       0       0       0       0       0
      Totals:        20       0       0       0       0       0       0       0       0
Total ram usage:       20 bytes
 Hardware stack levels used:    1
 This function calls:
		Nothing
 This function is called by:
		_SensorLM35
 This function uses a non-reentrant model


 *************** function ___xxtofl *****************
 Defined at:
		line 10 in file "/Applications/microchip/xc8/v2.31/pic/sources/c99/common/xxtofl.c"
 Parameters:    Size  Location     Type
  sign            1    wreg     unsigned char 
  val             4   10[COMRAM] long 
 Auto vars:     Size  Location     Type
  sign            1   18[COMRAM] unsigned char 
  arg             4   20[COMRAM] unsigned long 
  exp             1   19[COMRAM] unsigned char 
 Return value:  Size  Location     Type
                  4   10[COMRAM] unsigned char 
 Registers used:
		wreg, status,2, status,0
 Tracked objects:
		On entry : 
		On exit  : 
		Unchanged: 
 Data sizes:     COMRAM   BANK0   BANK1   BANK2   BANK3   BANK4   BANK5   BANK6   BANK7
      Params:         4       0       0       0       0       0       0       0       0
      Locals:         6       0       0       0       0       0       0       0       0
      Temps:          4       0       0       0       0       0       0       0       0
      Totals:        14       0       0       0       0       0       0       0       0
Total ram usage:       14 bytes
 Hardware stack levels used:    1
 This function calls:
		Nothing
 This function is called by:
		_SensorLM35
 This function uses a non-reentrant model


 *************** function _Read_ADC1 *****************
 Defined at:
		line 154 in file "SensorNegPosExactos.c"
 Parameters:    Size  Location     Type
  canal           1    wreg     unsigned char 
 Auto vars:     Size  Location     Type
  canal           1    4[COMRAM] unsigned char 
 Return value:  Size  Location     Type
                  2    0[COMRAM] short 
 Registers used:
		wreg, status,2, status,0
 Tracked objects:
		On entry : 
		On exit  : 
		Unchanged: 
 Data sizes:     COMRAM   BANK0   BANK1   BANK2   BANK3   BANK4   BANK5   BANK6   BANK7
      Params:         2       0       0       0       0       0       0       0       0
      Locals:         1       0       0       0       0       0       0       0       0
      Temps:          2       0       0       0       0       0       0       0       0
      Totals:         5       0       0       0       0       0       0       0       0
Total ram usage:        5 bytes
 Hardware stack levels used:    1
 This function calls:
		Nothing
 This function is called by:
		_SensorLM35
 This function uses a non-reentrant model


 *************** function _Read_ADC *****************
 Defined at:
		line 111 in file "SensorNegPosExactos.c"
 Parameters:    Size  Location     Type
  canal           1    wreg     unsigned char 
 Auto vars:     Size  Location     Type
  canal           1    4[COMRAM] unsigned char 
 Return value:  Size  Location     Type
                  2    0[COMRAM] short 
 Registers used:
		wreg, status,2, status,0
 Tracked objects:
		On entry : 
		On exit  : 
		Unchanged: 
 Data sizes:     COMRAM   BANK0   BANK1   BANK2   BANK3   BANK4   BANK5   BANK6   BANK7
      Params:         2       0       0       0       0       0       0       0       0
      Locals:         1       0       0       0       0       0       0       0       0
      Temps:          2       0       0       0       0       0       0       0       0
      Totals:         5       0       0       0       0       0       0       0       0
Total ram usage:        5 bytes
 Hardware stack levels used:    1
 This function calls:
		Nothing
 This function is called by:
		_SensorLM35
 This function uses a non-reentrant model


 *************** function _LCD_COMANDOS *****************
 Defined at:
		line 254 in file "SensorNegPosExactos.c"
 Parameters:    Size  Location     Type
  comando         1    wreg     unsigned char 
 Auto vars:     Size  Location     Type
  comando         1    3[COMRAM] unsigned char 
 Return value:  Size  Location     Type
                  1    wreg      void 
 Registers used:
		wreg, status,2, status,0, cstack
 Tracked objects:
		On entry : 
		On exit  : 
		Unchanged: 
 Data sizes:     COMRAM   BANK0   BANK1   BANK2   BANK3   BANK4   BANK5   BANK6   BANK7
      Params:         0       0       0       0       0       0       0       0       0
      Locals:         1       0       0       0       0       0       0       0       0
      Temps:          0       0       0       0       0       0       0       0       0
      Totals:         1       0       0       0       0       0       0       0       0
Total ram usage:        1 bytes
 Hardware stack levels used:    1
 Hardware stack levels required when called:    2
 This function calls:
		_Get_DATA
 This function is called by:
		_main
 This function uses a non-reentrant model


 *************** function _Get_DATA *****************
 Defined at:
		line 242 in file "SensorNegPosExactos.c"
 Parameters:    Size  Location     Type
  data            1    wreg     unsigned char 
 Auto vars:     Size  Location     Type
  data            1    2[COMRAM] unsigned char 
 Return value:  Size  Location     Type
                  1    wreg      void 
 Registers used:
		wreg, status,2, status,0, cstack
 Tracked objects:
		On entry : 
		On exit  : 
		Unchanged: 
 Data sizes:     COMRAM   BANK0   BANK1   BANK2   BANK3   BANK4   BANK5   BANK6   BANK7
      Params:         0       0       0       0       0       0       0       0       0
      Locals:         1       0       0       0       0       0       0       0       0
      Temps:          1       0       0       0       0       0       0       0       0
      Totals:         2       0       0       0       0       0       0       0       0
Total ram usage:        2 bytes
 Hardware stack levels used:    1
 Hardware stack levels required when called:    1
 This function calls:
		_Set_DATA
 This function is called by:
		_LCD_COMANDOS
 This function uses a non-reentrant model


 *************** function _Set_DATA *****************
 Defined at:
		line 232 in file "SensorNegPosExactos.c"
 Parameters:    Size  Location     Type
		None
 Auto vars:     Size  Location     Type
		None
 Return value:  Size  Location     Type
                  1    wreg      void 
 Registers used:
		wreg
 Tracked objects:
		On entry : 
		On exit  : 
		Unchanged: 
 Data sizes:     COMRAM   BANK0   BANK1   BANK2   BANK3   BANK4   BANK5   BANK6   BANK7
      Params:         0       0       0       0       0       0       0       0       0
      Locals:         0       0       0       0       0       0       0       0       0
      Temps:          1       0       0       0       0       0       0       0       0
      Totals:         1       0       0       0       0       0       0       0       0
Total ram usage:        1 bytes
 Hardware stack levels used:    1
 This function calls:
		Nothing
 This function is called by:
		_Get_DATA
 This function uses a non-reentrant model


 *************** function _InicializaLCD *****************
 Defined at:
		line 293 in file "SensorNegPosExactos.c"
 Parameters:    Size  Location     Type
		None
 Auto vars:     Size  Location     Type
		None
 Return value:  Size  Location     Type
                  1    wreg      void 
 Registers used:
		wreg, status,2, status,0, cstack
 Tracked objects:
		On entry : 
		On exit  : 
		Unchanged: 
 Data sizes:     COMRAM   BANK0   BANK1   BANK2   BANK3   BANK4   BANK5   BANK6   BANK7
      Params:         0       0       0       0       0       0       0       0       0
      Locals:         0       0       0       0       0       0       0       0       0
      Temps:          1       0       0       0       0       0       0       0       0
      Totals:         1       0       0       0       0       0       0       0       0
Total ram usage:        1 bytes
 Hardware stack levels used:    1
 Hardware stack levels required when called:    1
 This function calls:
		_putcm
 This function is called by:
		_main
 This function uses a non-reentrant model


 *************** function _Configuracion *****************
 Defined at:
		line 195 in file "SensorNegPosExactos.c"
 Parameters:    Size  Location     Type
		None
 Auto vars:     Size  Location     Type
		None
 Return value:  Size  Location     Type
                  1    wreg      void 
 Registers used:
		wreg, status,2
 Tracked objects:
		On entry : 
		On exit  : 
		Unchanged: 
 Data sizes:     COMRAM   BANK0   BANK1   BANK2   BANK3   BANK4   BANK5   BANK6   BANK7
      Params:         0       0       0       0       0       0       0       0       0
      Locals:         0       0       0       0       0       0       0       0       0
      Temps:          0       0       0       0       0       0       0       0       0
      Totals:         0       0       0       0       0       0       0       0       0
Total ram usage:        0 bytes
 Hardware stack levels used:    1
 This function calls:
		Nothing
 This function is called by:
		_main
 This function uses a non-reentrant model


 *************** function _Alarma_LED *****************
 Defined at:
		line 526 in file "SensorNegPosExactos.c"
 Parameters:    Size  Location     Type
		None
 Auto vars:     Size  Location     Type
  A               1    2[COMRAM] unsigned char 
 Return value:  Size  Location     Type
                  1    wreg      void 
 Registers used:
		wreg, status,2, status,0
 Tracked objects:
		On entry : 
		On exit  : 
		Unchanged: 
 Data sizes:     COMRAM   BANK0   BANK1   BANK2   BANK3   BANK4   BANK5   BANK6   BANK7
      Params:         0       0       0       0       0       0       0       0       0
      Locals:         1       0       0       0       0       0       0       0       0
      Temps:          2       0       0       0       0       0       0       0       0
      Totals:         3       0       0       0       0       0       0       0       0
Total ram usage:        3 bytes
 Hardware stack levels used:    1
 This function calls:
		Nothing
 This function is called by:
		_main
 This function uses a non-reentrant model


 *************** function _Alarma *****************
 Defined at:
		line 460 in file "SensorNegPosExactos.c"
 Parameters:    Size  Location     Type
		None
 Auto vars:     Size  Location     Type
		None
 Return value:  Size  Location     Type
                  1    wreg      void 
 Registers used:
		wreg, fsr1l, fsr1h, fsr2l, fsr2h, status,2, status,0, tblptrl, tblptrh, tblptru, prodl, prodh, cstack
 Tracked objects:
		On entry : 
		On exit  : 
		Unchanged: 
 Data sizes:     COMRAM   BANK0   BANK1   BANK2   BANK3   BANK4   BANK5   BANK6   BANK7
      Params:         0       0       0       0       0       0       0       0       0
      Locals:         0       0       0       0       0       0       0       0       0
      Temps:          0       2       0       0       0       0       0       0       0
      Totals:         0       2       0       0       0       0       0       0       0
Total ram usage:        2 bytes
 Hardware stack levels used:    1
 Hardware stack levels required when called:   10
 This function calls:
		_Cronometro
		___awdiv
		___awmod
		_printf
		_putcm
 This function is called by:
		_main
 This function uses a non-reentrant model


 *************** function _Cronometro *****************
 Defined at:
		line 436 in file "SensorNegPosExactos.c"
 Parameters:    Size  Location     Type
		None
 Auto vars:     Size  Location     Type
		None
 Return value:  Size  Location     Type
                  1    wreg      void 
 Registers used:
		wreg, fsr1l, fsr1h, fsr2l, fsr2h, status,2, status,0, tblptrl, tblptrh, tblptru, prodl, prodh, cstack
 Tracked objects:
		On entry : 
		On exit  : 
		Unchanged: 
 Data sizes:     COMRAM   BANK0   BANK1   BANK2   BANK3   BANK4   BANK5   BANK6   BANK7
      Params:         0       0       0       0       0       0       0       0       0
      Locals:         0       0       0       0       0       0       0       0       0
      Temps:          2       0       0       0       0       0       0       0       0
      Totals:         2       0       0       0       0       0       0       0       0
Total ram usage:        2 bytes
 Hardware stack levels used:    1
 Hardware stack levels required when called:    9
 This function calls:
		_Mostrar_Reloj
 This function is called by:
		_Alarma
 This function uses a non-reentrant model


 *************** function _Mostrar_Reloj *****************
 Defined at:
		line 410 in file "SensorNegPosExactos.c"
 Parameters:    Size  Location     Type
		None
 Auto vars:     Size  Location     Type
		None
 Return value:  Size  Location     Type
                  1    wreg      void 
 Registers used:
		wreg, fsr1l, fsr1h, fsr2l, fsr2h, status,2, status,0, tblptrl, tblptrh, tblptru, prodl, prodh, cstack
 Tracked objects:
		On entry : 
		On exit  : 
		Unchanged: 
 Data sizes:     COMRAM   BANK0   BANK1   BANK2   BANK3   BANK4   BANK5   BANK6   BANK7
      Params:         0       0       0       0       0       0       0       0       0
      Locals:         0       0       0       0       0       0       0       0       0
      Temps:          0       0       0       0       0       0       0       0       0
      Totals:         0       0       0       0       0       0       0       0       0
Total ram usage:        0 bytes
 Hardware stack levels used:    1
 Hardware stack levels required when called:    8
 This function calls:
		___awdiv
		___awmod
		_printf
		_putcm
 This function is called by:
		_Cronometro
 This function uses a non-reentrant model


 *************** function _putcm *****************
 Defined at:
		line 279 in file "SensorNegPosExactos.c"
 Parameters:    Size  Location     Type
  data            1    wreg     unsigned char 
 Auto vars:     Size  Location     Type
  data            1    1[COMRAM] unsigned char 
  Activa          1    2[COMRAM] unsigned char 
 Return value:  Size  Location     Type
                  1    wreg      void 
 Registers used:
		wreg, status,2, status,0
 Tracked objects:
		On entry : 
		On exit  : 
		Unchanged: 
 Data sizes:     COMRAM   BANK0   BANK1   BANK2   BANK3   BANK4   BANK5   BANK6   BANK7
      Params:         0       0       0       0       0       0       0       0       0
      Locals:         2       0       0       0       0       0       0       0       0
      Temps:          1       0       0       0       0       0       0       0       0
      Totals:         3       0       0       0       0       0       0       0       0
Total ram usage:        3 bytes
 Hardware stack levels used:    1
 This function calls:
		Nothing
 This function is called by:
		_InicializaLCD
		_SensorLM35
		_Mostrar_Reloj
		_Alarma
 This function uses a non-reentrant model


 *************** function _printf *****************
 Defined at:
		line 5 in file "/Applications/microchip/xc8/v2.31/pic/sources/c99/common/printf.c"
 Parameters:    Size  Location     Type
  fmt             2   86[BANK0 ] PTR const unsigned char 
		 -> STR_11(19), STR_10(19), STR_9(14), STR_8(19), 
		 -> STR_7(19), STR_6(16), STR_5(17), Valores(16), 
 Auto vars:     Size  Location     Type
  ap              2  102[BANK0 ] PTR void [1]
		 -> ?_printf(2), ?_sprintf(2), 
  ret             2    0        int 
 Return value:  Size  Location     Type
                  2   86[BANK0 ] int 
 Registers used:
		wreg, fsr1l, fsr1h, fsr2l, fsr2h, status,2, status,0, tblptrl, tblptrh, tblptru, prodl, prodh, cstack
 Tracked objects:
		On entry : 
		On exit  : 
		Unchanged: 
 Data sizes:     COMRAM   BANK0   BANK1   BANK2   BANK3   BANK4   BANK5   BANK6   BANK7
      Params:         0      14       0       0       0       0       0       0       0
      Locals:         0       4       0       0       0       0       0       0       0
      Temps:          0       0       0       0       0       0       0       0       0
      Totals:         0      18       0       0       0       0       0       0       0
Total ram usage:       18 bytes
 Hardware stack levels used:    1
 Hardware stack levels required when called:    7
 This function calls:
		_vfprintf
 This function is called by:
		_SensorLM35
		_Mostrar_Reloj
		_Alarma
 This function uses a non-reentrant model


 *************** function _vfprintf *****************
 Defined at:
		line 1390 in file "/Applications/microchip/xc8/v2.31/pic/sources/c99/common/doprnt.c"
 Parameters:    Size  Location     Type
  fp              2   80[BANK0 ] PTR struct _IO_FILE
		 -> NULL(0), sprintf@f(6), 
  fmt             2   82[BANK0 ] PTR const unsigned char 
		 -> STR_11(19), STR_10(19), STR_9(14), STR_8(19), 
		 -> STR_7(19), STR_6(16), STR_5(17), STR_4(17), 
		 -> STR_3(17), STR_2(17), STR_1(17), Valores(16), 
  ap              2   84[BANK0 ] PTR PTR void 
		 -> printf@ap(2), sprintf@ap(2), 
 Auto vars:     Size  Location     Type
  cfmt            2   91[COMRAM] PTR unsigned char 
		 -> STR_11(19), STR_10(19), STR_9(14), STR_8(19), 
		 -> STR_7(19), STR_6(16), STR_5(17), STR_4(17), 
		 -> STR_3(17), STR_2(17), STR_1(17), Valores(16), 
 Return value:  Size  Location     Type
                  2   80[BANK0 ] int 
 Registers used:
		wreg, fsr1l, fsr1h, fsr2l, fsr2h, status,2, status,0, tblptrl, tblptrh, tblptru, prodl, prodh, cstack
 Tracked objects:
		On entry : 
		On exit  : 
		Unchanged: 
 Data sizes:     COMRAM   BANK0   BANK1   BANK2   BANK3   BANK4   BANK5   BANK6   BANK7
      Params:         0       6       0       0       0       0       0       0       0
      Locals:         2       0       0       0       0       0       0       0       0
      Temps:          0       0       0       0       0       0       0       0       0
      Totals:         2       6       0       0       0       0       0       0       0
Total ram usage:        8 bytes
 Hardware stack levels used:    1
 Hardware stack levels required when called:    6
 This function calls:
		_vfpfcnvrt
 This function is called by:
		_sprintf
		_printf
 This function uses a non-reentrant model


 *************** function _vfpfcnvrt *****************
 Defined at:
		line 692 in file "/Applications/microchip/xc8/v2.31/pic/sources/c99/common/doprnt.c"
 Parameters:    Size  Location     Type
  fp              2   81[COMRAM] PTR struct _IO_FILE
		 -> NULL(0), sprintf@f(6), 
  fmt             2   83[COMRAM] PTR PTR unsigned char 
		 -> vfprintf@cfmt(2), 
  ap              2   85[COMRAM] PTR PTR void 
		 -> printf@ap(2), sprintf@ap(2), 
 Auto vars:     Size  Location     Type
  ll              8   56[BANK0 ] long long 
  llu             8    0        unsigned long long 
  f               4   72[BANK0 ] unsigned long long 
  ct              3   76[BANK0 ] unsigned char [3]
  cp              3    0        PTR unsigned char 
  vp              2   64[BANK0 ] PTR void 
		 -> ?_printf(2), ?_sprintf(2), 
  i               2    0        int 
  done            2    0        int 
  c               1   79[BANK0 ] unsigned char 
 Return value:  Size  Location     Type
                  2   81[COMRAM] int 
 Registers used:
		wreg, fsr1l, fsr1h, fsr2l, fsr2h, status,2, status,0, tblptrl, tblptrh, tblptru, prodl, prodh, cstack
 Tracked objects:
		On entry : 
		On exit  : 
		Unchanged: 
 Data sizes:     COMRAM   BANK0   BANK1   BANK2   BANK3   BANK4   BANK5   BANK6   BANK7
      Params:         6       0       0       0       0       0       0       0       0
      Locals:         0      24       0       0       0       0       0       0       0
      Temps:          4       0       0       0       0       0       0       0       0
      Totals:        10      24       0       0       0       0       0       0       0
Total ram usage:       34 bytes
 Hardware stack levels used:    1
 Hardware stack levels required when called:    5
 This function calls:
		_atoi
		_ctoa
		_dtoa
		_efgtoa
		_fputc
		_isdigit
		_isupper
		_strncmp
		_tolower
 This function is called by:
		_vfprintf
 This function uses a non-reentrant model


 *************** function _strncmp *****************
 Defined at:
		line 3 in file "/Applications/microchip/xc8/v2.31/pic/sources/c99/common/strncmp.c"
 Parameters:    Size  Location     Type
  _l              2    0[COMRAM] PTR const unsigned char 
		 -> vfpfcnvrt@ct(3), 
  _r              2    2[COMRAM] PTR const unsigned char 
		 -> STR_22(3), 
  n               2    4[COMRAM] unsigned int 
 Auto vars:     Size  Location     Type
  r               2    9[COMRAM] PTR const unsigned char 
		 -> STR_22(3), 
  l               2    7[COMRAM] PTR const unsigned char 
		 -> vfpfcnvrt@ct(3), 
 Return value:  Size  Location     Type
                  2    0[COMRAM] int 
 Registers used:
		wreg, fsr2l, fsr2h, status,2, status,0, tblptrl, tblptrh, tblptru
 Tracked objects:
		On entry : 
		On exit  : 
		Unchanged: 
 Data sizes:     COMRAM   BANK0   BANK1   BANK2   BANK3   BANK4   BANK5   BANK6   BANK7
      Params:         6       0       0       0       0       0       0       0       0
      Locals:         4       0       0       0       0       0       0       0       0
      Temps:          1       0       0       0       0       0       0       0       0
      Totals:        11       0       0       0       0       0       0       0       0
Total ram usage:       11 bytes
 Hardware stack levels used:    1
 This function calls:
		Nothing
 This function is called by:
		_vfpfcnvrt
 This function uses a non-reentrant model


 *************** function _efgtoa *****************
 Defined at:
		line 332 in file "/Applications/microchip/xc8/v2.31/pic/sources/c99/common/doprnt.c"
 Parameters:    Size  Location     Type
  fp              2   69[COMRAM] PTR struct _IO_FILE
		 -> NULL(0), sprintf@f(6), 
  f               4   71[COMRAM] PTR struct _IO_FILE
  c               1   75[COMRAM] unsigned char 
 Auto vars:     Size  Location     Type
  u               4   52[BANK0 ] unsigned char 
  g               4   44[BANK0 ] unsigned char 
  l               4   38[BANK0 ] unsigned char 
  h               4   34[BANK0 ] unsigned char 
  ou              4   20[BANK0 ] unsigned char 
  n               2   50[BANK0 ] int 
  e               2   48[BANK0 ] int 
[...]
      Locals:         3       0       0       0       0       0       0       0       0
      Temps:          0       0       0       0       0       0       0       0       0
      Totals:         7       0       0       0       0       0       0       0       0
Total ram usage:        7 bytes
 Hardware stack levels used:    1
 Hardware stack levels required when called:    2
 This function calls:
		_fputc
 This function is called by:
		_pad
 This function uses a non-reentrant model


 *************** function _abs *****************
 Defined at:
		line 1 in file "/Applications/microchip/xc8/v2.31/pic/sources/c99/common/abs.c"
 Parameters:    Size  Location     Type
  a               2   18[COMRAM] int 
 Auto vars:     Size  Location     Type
		None
 Return value:  Size  Location     Type
                  2   18[COMRAM] int 
 Registers used:
		wreg, status,2, status,0
 Tracked objects:
		On entry : 
		On exit  : 
		Unchanged: 
 Data sizes:     COMRAM   BANK0   BANK1   BANK2   BANK3   BANK4   BANK5   BANK6   BANK7
      Params:         2       0       0       0       0       0       0       0       0
      Locals:         0       0       0       0       0       0       0       0       0
      Temps:          2       0       0       0       0       0       0       0       0
      Totals:         4       0       0       0       0       0       0       0       0
Total ram usage:        4 bytes
 Hardware stack levels used:    1
 This function calls:
		Nothing
 This function is called by:
		_dtoa
 This function uses a non-reentrant model


 *************** function ___aomod *****************
 Defined at:
		line 9 in file "/Applications/microchip/xc8/v2.31/pic/sources/c99/common/aomod.c"
 Parameters:    Size  Location     Type
  dividend        8    0[COMRAM] long long 
  divisor         8    8[COMRAM] long long 
 Auto vars:     Size  Location     Type
  sign            1   17[COMRAM] unsigned char 
  counter         1   16[COMRAM] unsigned char 
 Return value:  Size  Location     Type
                  8    0[COMRAM] long long 
 Registers used:
		wreg, status,2, status,0
 Tracked objects:
		On entry : 
		On exit  : 
		Unchanged: 
 Data sizes:     COMRAM   BANK0   BANK1   BANK2   BANK3   BANK4   BANK5   BANK6   BANK7
      Params:        16       0       0       0       0       0       0       0       0
      Locals:         2       0       0       0       0       0       0       0       0
      Temps:          0       0       0       0       0       0       0       0       0
      Totals:        18       0       0       0       0       0       0       0       0
Total ram usage:       18 bytes
 Hardware stack levels used:    1
 This function calls:
		Nothing
 This function is called by:
		_dtoa
 This function uses a non-reentrant model


 *************** function ___aodiv *****************
 Defined at:
		line 9 in file "/Applications/microchip/xc8/v2.31/pic/sources/c99/common/aodiv.c"
 Parameters:    Size  Location     Type
  dividend        8    0[COMRAM] long long 
  divisor         8    8[COMRAM] long long 
 Auto vars:     Size  Location     Type
  quotient        8   18[COMRAM] long long 
  sign            1   17[COMRAM] unsigned char 
  counter         1   16[COMRAM] unsigned char 
 Return value:  Size  Location     Type
                  8    0[COMRAM] long long 
 Registers used:
		wreg, fsr2l, fsr2h, status,2, status,0
 Tracked objects:
		On entry : 
		On exit  : 
		Unchanged: 
 Data sizes:     COMRAM   BANK0   BANK1   BANK2   BANK3   BANK4   BANK5   BANK6   BANK7
      Params:        16       0       0       0       0       0       0       0       0
      Locals:        10       0       0       0       0       0       0       0       0
      Temps:          0       0       0       0       0       0       0       0       0
      Totals:        26       0       0       0       0       0       0       0       0
Total ram usage:       26 bytes
 Hardware stack levels used:    1
 This function calls:
		Nothing
 This function is called by:
		_dtoa
 This function uses a non-reentrant model


 *************** function _ctoa *****************
 Defined at:
		line 259 in file "/Applications/microchip/xc8/v2.31/pic/sources/c99/common/doprnt.c"
 Parameters:    Size  Location     Type
  fp              2   12[COMRAM] PTR struct _IO_FILE
		 -> NULL(0), sprintf@f(6), 
  c               1   14[COMRAM] unsigned char 
 Auto vars:     Size  Location     Type
  w               2   18[COMRAM] int 
  l               2   16[COMRAM] int 
 Return value:  Size  Location     Type
                  2   12[COMRAM] int 
 Registers used:
		wreg, fsr1l, fsr1h, fsr2l, fsr2h, status,2, status,0, cstack
 Tracked objects:
		On entry : 
		On exit  : 
		Unchanged: 
 Data sizes:     COMRAM   BANK0   BANK1   BANK2   BANK3   BANK4   BANK5   BANK6   BANK7
      Params:         3       0       0       0       0       0       0       0       0
      Locals:         4       0       0       0       0       0       0       0       0
      Temps:          1       0       0       0       0       0       0       0       0
      Totals:         8       0       0       0       0       0       0       0       0
Total ram usage:        8 bytes
 Hardware stack levels used:    1
 Hardware stack levels required when called:    2
 This function calls:
		_fputc
 This function is called by:
		_vfpfcnvrt
 This function uses a non-reentrant model


 *************** function _fputc *****************
 Defined at:
		line 8 in file "/Applications/microchip/xc8/v2.31/pic/sources/c99/common/nf_fputc.c"
 Parameters:    Size  Location     Type
  c               2    3[COMRAM] int 
  fp              2    5[COMRAM] PTR struct _IO_FILE
		 -> NULL(0), sprintf@f(6), 
 Auto vars:     Size  Location     Type
		None
 Return value:  Size  Location     Type
                  2    3[COMRAM] int 
 Registers used:
		wreg, fsr1l, fsr1h, fsr2l, fsr2h, status,2, status,0, cstack
 Tracked objects:
		On entry : 
		On exit  : 
		Unchanged: 
 Data sizes:     COMRAM   BANK0   BANK1   BANK2   BANK3   BANK4   BANK5   BANK6   BANK7
      Params:         4       0       0       0       0       0       0       0       0
      Locals:         0       0       0       0       0       0       0       0       0
      Temps:          5       0       0       0       0       0       0       0       0
      Totals:         9       0       0       0       0       0       0       0       0
Total ram usage:        9 bytes
 Hardware stack levels used:    1
 Hardware stack levels required when called:    1
 This function calls:
		_putch
 This function is called by:
		_pad
		_ctoa
		_vfpfcnvrt
		_fputs
 This function uses a non-reentrant model


 *************** function _putch *****************
 Defined at:
		line 263 in file "SensorNegPosExactos.c"
 Parameters:    Size  Location     Type
  data            1    wreg     unsigned char 
 Auto vars:     Size  Location     Type
  data            1    1[COMRAM] unsigned char 
  Activa          1    2[COMRAM] unsigned char 
 Return value:  Size  Location     Type
                  1    wreg      void 
 Registers used:
		wreg, status,2, status,0
 Tracked objects:
		On entry : 
		On exit  : 
		Unchanged: 
 Data sizes:     COMRAM   BANK0   BANK1   BANK2   BANK3   BANK4   BANK5   BANK6   BANK7
      Params:         0       0       0       0       0       0       0       0       0
      Locals:         2       0       0       0       0       0       0       0       0
      Temps:          1       0       0       0       0       0       0       0       0
      Totals:         3       0       0       0       0       0       0       0       0
Total ram usage:        3 bytes
 Hardware stack levels used:    1
 This function calls:
		Nothing
 This function is called by:
		_fputc
 This function uses a non-reentrant model


 *************** function _atoi *****************
 Defined at:
		line 4 in file "/Applications/microchip/xc8/v2.31/pic/sources/c99/common/atoi.c"
 Parameters:    Size  Location     Type
  s               2    7[COMRAM] PTR const unsigned char 
		 -> STR_11(19), STR_10(19), STR_9(14), STR_8(19), 
		 -> STR_7(19), STR_6(16), STR_5(17), STR_4(17), 
		 -> STR_3(17), STR_2(17), STR_1(17), Valores(16), 
 Auto vars:     Size  Location     Type
  n               2   20[COMRAM] int 
  neg             2   13[COMRAM] int 
 Return value:  Size  Location     Type
                  2    7[COMRAM] int 
 Registers used:
		wreg, fsr1l, fsr1h, status,2, status,0, tblptrl, tblptrh, tblptru, prodl, prodh, cstack
 Tracked objects:
		On entry : 
		On exit  : 
		Unchanged: 
 Data sizes:     COMRAM   BANK0   BANK1   BANK2   BANK3   BANK4   BANK5   BANK6   BANK7
      Params:         2       0       0       0       0       0       0       0       0
      Locals:         9       0       0       0       0       0       0       0       0
      Temps:          4       0       0       0       0       0       0       0       0
      Totals:        15       0       0       0       0       0       0       0       0
Total ram usage:       15 bytes
 Hardware stack levels used:    1
 Hardware stack levels required when called:    1
 This function calls:
		___wmul
		_isdigit
		_isspace
 This function is called by:
		_vfpfcnvrt
 This function uses a non-reentrant model


 *************** function _isspace *****************
 Defined at:
		line 5 in file "/Applications/microchip/xc8/v2.31/pic/sources/c99/common/isspace.c"
 Parameters:    Size  Location     Type
  c               2    0[COMRAM] int 
 Auto vars:     Size  Location     Type
		None
 Return value:  Size  Location     Type
                  2    0[COMRAM] int 
 Registers used:
		wreg, status,2, status,0
 Tracked objects:
		On entry : 
		On exit  : 
		Unchanged: 
 Data sizes:     COMRAM   BANK0   BANK1   BANK2   BANK3   BANK4   BANK5   BANK6   BANK7
      Params:         2       0       0       0       0       0       0       0       0
      Locals:         1       0       0       0       0       0       0       0       0
      Temps:          4       0       0       0       0       0       0       0       0
      Totals:         7       0       0       0       0       0       0       0       0
Total ram usage:        7 bytes
 Hardware stack levels used:    1
 This function calls:
		Nothing
 This function is called by:
		_atoi
 This function uses a non-reentrant model


 *************** function _isdigit *****************
 Defined at:
		line 5 in file "/Applications/microchip/xc8/v2.31/pic/sources/c99/common/isdigit.c"
 Parameters:    Size  Location     Type
  c               2    0[COMRAM] int 
 Auto vars:     Size  Location     Type
		None
 Return value:  Size  Location     Type
                  2    0[COMRAM] int 
 Registers used:
		wreg, status,2, status,0
 Tracked objects:
		On entry : 
		On exit  : 
		Unchanged: 
 Data sizes:     COMRAM   BANK0   BANK1   BANK2   BANK3   BANK4   BANK5   BANK6   BANK7
      Params:         2       0       0       0       0       0       0       0       0
      Locals:         0       0       0       0       0       0       0       0       0
      Temps:          4       0       0       0       0       0       0       0       0
      Totals:         6       0       0       0       0       0       0       0       0
Total ram usage:        6 bytes
 Hardware stack levels used:    1
 This function calls:
		Nothing
 This function is called by:
		_vfpfcnvrt
		_atoi
 This function uses a non-reentrant model


 *************** function ___wmul *****************
 Defined at:
		line 15 in file "/Applications/microchip/xc8/v2.31/pic/sources/c99/common/Umul16.c"
 Parameters:    Size  Location     Type
  multiplier      2    0[COMRAM] unsigned int 
  multiplicand    2    2[COMRAM] unsigned int 
 Auto vars:     Size  Location     Type
  product         2    4[COMRAM] unsigned int 
 Return value:  Size  Location     Type
                  2    0[COMRAM] unsigned int 
 Registers used:
		wreg, status,2, status,0, prodl, prodh
 Tracked objects:
		On entry : 
		On exit  : 
		Unchanged: 
 Data sizes:     COMRAM   BANK0   BANK1   BANK2   BANK3   BANK4   BANK5   BANK6   BANK7
      Params:         4       0       0       0       0       0       0       0       0
      Locals:         2       0       0       0       0       0       0       0       0
      Temps:          0       0       0       0       0       0       0       0       0
      Totals:         6       0       0       0       0       0       0       0       0
Total ram usage:        6 bytes
 Hardware stack levels used:    1
 This function calls:
		Nothing
 This function is called by:
		_atoi
 This function uses a non-reentrant model



MODULE INFORMATION

Module		Function		Class		Link	Load	Size
/Applications/microchip/xc8/v2.31/pic/sources/c99/common/awmod.c
		___awmod       		CODE           	47D4	0000	176

/Applications/microchip/xc8/v2.31/pic/sources/c99/common/awmod.c estimated size: 176

/Applications/microchip/xc8/v2.31/pic/sources/c99/common/printf.c
		_printf        		CODE           	4FD4	0000	40

/Applications/microchip/xc8/v2.31/pic/sources/c99/common/printf.c estimated size: 40

/Applications/microchip/xc8/v2.31/pic/sources/c99/common/isupper.c
		_isupper       		CODE           	4EF6	0000	56

/Applications/microchip/xc8/v2.31/pic/sources/c99/common/isupper.c estimated size: 56

/Applications/microchip/xc8/v2.31/pic/sources/c99/common/aodiv.c
		___aodiv       		CODE           	3B86	0000	392

/Applications/microchip/xc8/v2.31/pic/sources/c99/common/aodiv.c estimated size: 392

/Applications/microchip/xc8/v2.31/pic/sources/c99/common/floorf.c
		_floorf        		CODE           	35C8	0000	530

/Applications/microchip/xc8/v2.31/pic/sources/c99/common/floorf.c estimated size: 530

/Applications/microchip/xc8/v2.31/pic/sources/c99/common/atoi.c
		_atoi          		CODE           	37DA	0000	504

/Applications/microchip/xc8/v2.31/pic/sources/c99/common/atoi.c estimated size: 504

/Applications/microchip/xc8/v2.31/pic/sources/c99/common/fleq.c
		___fleq        		CODE           	4884	0000	170

/Applications/microchip/xc8/v2.31/pic/sources/c99/common/fleq.c estimated size: 170

/Applications/microchip/xc8/v2.31/pic/sources/c99/common/ceilf.c
		_ceilf         		CODE           	33B6	0000	530

/Applications/microchip/xc8/v2.31/pic/sources/c99/common/ceilf.c estimated size: 530

/Applications/microchip/xc8/v2.31/pic/sources/c99/common/awdiv.c
		___awdiv       		CODE           	4710	0000	196

/Applications/microchip/xc8/v2.31/pic/sources/c99/common/awdiv.c estimated size: 196

/Applications/microchip/xc8/v2.31/pic/sources/c99/common/fltol.c
		___fltol       		CODE           	3FC6	0000	262

/Applications/microchip/xc8/v2.31/pic/sources/c99/common/fltol.c estimated size: 262

/Applications/microchip/xc8/v2.31/pic/sources/c99/common/sprcmul.c
		___flmul       		CODE           	267E	0000	1066

/Applications/microchip/xc8/v2.31/pic/sources/c99/common/sprcmul.c estimated size: 1066

/Applications/microchip/xc8/v2.31/pic/sources/c99/common/xxtofl.c
		___xxtofl      		CODE           	39D2	0000	436

/Applications/microchip/xc8/v2.31/pic/sources/c99/common/xxtofl.c estimated size: 436

/Applications/microchip/xc8/v2.31/pic/sources/c99/common/nf_sprintf.c
		_sprintf       		CODE           	4CBA	0000	82

/Applications/microchip/xc8/v2.31/pic/sources/c99/common/nf_sprintf.c estimated size: 82

/Applications/microchip/xc8/v2.31/pic/sources/c99/common/sprcdiv.c
		___fldiv       		CODE           	2AA8	0000	922

/Applications/microchip/xc8/v2.31/pic/sources/c99/common/sprcdiv.c estimated size: 922

/Applications/microchip/xc8/v2.31/pic/sources/c99/common/nf_fputs.c
		_fputs         		CODE           	4E30	0000	68

/Applications/microchip/xc8/v2.31/pic/sources/c99/common/nf_fputs.c estimated size: 68

/Applications/microchip/xc8/v2.31/pic/sources/c99/common/strlen.c
		_strlen        		CODE           	4F9E	0000	54

/Applications/microchip/xc8/v2.31/pic/sources/c99/common/strlen.c estimated size: 54

/Applications/microchip/xc8/v2.31/pic/sources/c99/common/strcpy.c
		_strcpy        		CODE           	4C5E	0000	92

/Applications/microchip/xc8/v2.31/pic/sources/c99/common/strcpy.c estimated size: 92

/Applications/microchip/xc8/v2.31/pic/sources/c99/common/isspace.c
		_isspace       		CODE           	4D0C	0000	82

/Applications/microchip/xc8/v2.31/pic/sources/c99/common/isspace.c estimated size: 82

/Applications/microchip/xc8/v2.31/pic/sources/c99/common/__fpclassifyf.c
		___fpclassifyf 		CODE           	42D4	0000	254

/Applications/microchip/xc8/v2.31/pic/sources/c99/common/__fpclassifyf.c estimated size: 254

/Applications/microchip/xc8/v2.31/pic/sources/c99/common/strncmp.c
		_strncmp       		CODE           	44AA	0000	214

/Applications/microchip/xc8/v2.31/pic/sources/c99/common/strncmp.c estimated size: 214

/Applications/microchip/xc8/v2.31/pic/sources/c99/common/tolower.c
		_tolower       		CODE           	4BFE	0000	96

/Applications/microchip/xc8/v2.31/pic/sources/c99/common/tolower.c estimated size: 96

shared
		__initialization		CODE           	5048	0000	24

shared estimated size: 24

/Applications/microchip/xc8/v2.31/pic/sources/c99/common/doprnt.c
		_vfpfcnvrt     		CODE           	14D4	0000	2168
		_efgtoa        		CODE           	087C	0000	3160
		_pad           		CODE           	464A	0000	198
		_ctoa          		CODE           	43D2	0000	216
		_dtoa          		CODE           	2E42	0000	740
		_vfprintf      		CODE           	4A4E	0000	118

/Applications/microchip/xc8/v2.31/pic/sources/c99/common/doprnt.c estimated size: 6600

SensorNegPosExactos.c
		_Get_DATA      		CODE           	4B9C	0000	98
		_putcm         		CODE           	4E74	0000	66
		_InicializaLCD 		CODE           	49C6	0000	136
		_Set_DATA      		CODE           	509C	0000	20
		_LCD_COMANDOS  		CODE           	5084	0000	24
		_putch         		CODE           	4DEA	0000	70
		_Alarma        		CODE           	3126	0000	656
		_Timer0Configuration		CODE           	506A	0000	26
		_main          		CODE           	4D5E	0000	70
		_SensorLM35    		CODE           	220C	0000	1138
		_Read_ADC      		CODE           	4AC4	0000	110
		_Read_ADC1     		CODE           	4B32	0000	106
		_Alarma_LED    		CODE           	40CC	0000	260
		_Cronometro    		CODE           	492E	0000	152
		_Mostrar_Reloj 		CODE           	3E72	0000	340
		_Configuracion 		CODE           	4FFC	0000	38

SensorNegPosExactos.c estimated size: 3310

/Applications/microchip/xc8/v2.31/pic/sources/c99/common/flneg.c
		___flneg       		CODE           	4F2E	0000	56

/Applications/microchip/xc8/v2.31/pic/sources/c99/common/flneg.c estimated size: 56

/Applications/microchip/xc8/v2.31/pic/sources/c99/common/isdigit.c
		_isdigit       		CODE           	4F66	0000	56

/Applications/microchip/xc8/v2.31/pic/sources/c99/common/isdigit.c estimated size: 56

/Applications/microchip/xc8/v2.31/pic/sources/c99/common/Umul16.c
		___wmul        		CODE           	5022	0000	38

/Applications/microchip/xc8/v2.31/pic/sources/c99/common/Umul16.c estimated size: 38

/Applications/microchip/xc8/v2.31/pic/sources/c99/common/sprcadd.c
		___flsub       		CODE           	4DA4	0000	70
		___fladd       		CODE           	1D4C	0000	1216

/Applications/microchip/xc8/v2.31/pic/sources/c99/common/sprcadd.c estimated size: 1286

/Applications/microchip/xc8/v2.31/pic/sources/c99/common/flge.c
		___flge        		CODE           	41D0	0000	260

/Applications/microchip/xc8/v2.31/pic/sources/c99/common/flge.c estimated size: 260

/Applications/microchip/xc8/v2.31/pic/sources/c99/common/aomod.c
		___aomod       		CODE           	3D0E	0000	356

/Applications/microchip/xc8/v2.31/pic/sources/c99/common/aomod.c estimated size: 356

/Applications/microchip/xc8/v2.31/pic/sources/c99/common/nf_fputc.c
		_fputc         		CODE           	4580	0000	202

/Applications/microchip/xc8/v2.31/pic/sources/c99/common/nf_fputc.c estimated size: 202

/Applications/microchip/xc8/v2.31/pic/sources/c99/common/abs.c
		_abs           		CODE           	4EB6	0000	64

/Applications/microchip/xc8/v2.31/pic/sources/c99/common/abs.c estimated size: 64

